15:50:36 **** Incremental Build of configuration Debug for project 0_led_toggle_addr ****
make -j12 all 
arm-none-eabi-gcc "../Src/main.c" -mcpu=cortex-m4 -std=gnu11 -g3 -DDEBUG -DNUCLEO_F401RE -DSTM32 -DSTM32F401RETx -DSTM32F4 -c -I../Inc -O0 -ffunction-sections -fdata-sections -Wall -fstack-usage -fcyclomatic-complexity -MMD -MP -MF"Src/main.d" -MT"Src/main.o" --specs=nano.specs -mfpu=fpv4-sp-d16 -mfloat-abi=hard -mthumb -o "Src/main.o"
arm-none-eabi-gcc -o "0_led_toggle_addr.elf" @"objects.list"   -mcpu=cortex-m4 -T"C:\STM32CubeIDE\MCU1-Course\MCU1\0_led_toggle_addr\STM32F401RETX_FLASH.ld" --specs=nosys.specs -Wl,-Map="0_led_toggle_addr.map" -Wl,--gc-sections -static --specs=nano.specs -mfpu=fpv4-sp-d16 -mfloat-abi=hard -mthumb -Wl,--start-group -lc -lm -Wl,--end-group
Finished building target: 0_led_toggle_addr.elf
 
arm-none-eabi-size  0_led_toggle_addr.elf 
arm-none-eabi-objdump -h -S 0_led_toggle_addr.elf  > "0_led_toggle_addr.list"
   text	   data	    bss	    dec	    hex	filename
    748	      0	   1568	   2316	    90c	0_led_toggle_addr.elf
Finished building: default.size.stdout
 
Finished building: 0_led_toggle_addr.list
 

15:50:36 Build Finished. 0 errors, 0 warnings. (took 262ms)

