17:45:02 **** Incremental Build of configuration Debug for project 3_gpio_bsrr ****
make -j12 all 
arm-none-eabi-gcc "../Src/main.c" -mcpu=cortex-m4 -std=gnu11 -g3 -DDEBUG -DNUCLEO_F401RE -DSTM32 -DSTM32F401RETx -DSTM32F4 -DSTM32F401xE -c -I../Inc -I"C:/STM32CubeIDE/MCU1-Course/MCU1/F4_chip_headers/CMSIS/Device/ST/STM32F4xx/Include" -I"C:/STM32CubeIDE/MCU1-Course/MCU1/F4_chip_headers/CMSIS/Include" -O0 -ffunction-sections -fdata-sections -Wall -fstack-usage -fcyclomatic-complexity -MMD -MP -MF"Src/main.d" -MT"Src/main.o" --specs=nano.specs -mfpu=fpv4-sp-d16 -mfloat-abi=hard -mthumb -o "Src/main.o"
arm-none-eabi-gcc -o "3_gpio_bsrr.elf" @"objects.list"   -mcpu=cortex-m4 -T"C:\STM32CubeIDE\MCU1-Course\MCU1\3_gpio_bsrr\STM32F401RETX_FLASH.ld" --specs=nosys.specs -Wl,-Map="3_gpio_bsrr.map" -Wl,--gc-sections -static --specs=nano.specs -mfpu=fpv4-sp-d16 -mfloat-abi=hard -mthumb -Wl,--start-group -lc -lm -Wl,--end-group
Finished building target: 3_gpio_bsrr.elf
 
arm-none-eabi-size  3_gpio_bsrr.elf 
arm-none-eabi-objdump -h -S 3_gpio_bsrr.elf  > "3_gpio_bsrr.list"
   text	   data	    bss	    dec	    hex	filename
    776	      0	   1568	   2344	    928	3_gpio_bsrr.elf
Finished building: default.size.stdout
 
Finished building: 3_gpio_bsrr.list
 
17:45:05 **** Incremental Build of configuration Debug for project 3_gpio_bsrr ****
make -j12 all 
arm-none-eabi-size  3_gpio_bsrr.elf 
   text	   data	    bss	    dec	    hex	filename
    776	      0	   1568	   2344	    928	3_gpio_bsrr.elf
Finished building: default.size.stdout
 
